// Jest Snapshot v1, https://goo.gl/fbAQLP

exports[`testing <RealExampleref/>  should  match snapshot  1`] = `
<div>
  <h1>
    Real Example Ref
  </h1>
  <hr />
  <button
    className="btn btn-primary mt-5"
    onClick={[Function]}
  >
    Show/Hide
  </button>
</div>
`;
