// Jest Snapshot v1, https://goo.gl/fbAQLP

exports[`testing <TodoListItem/> should match snapshot 1`] = `
<li
  className="list-group-item"
  key="1"
>
  <p
    className="false"
    onClick={[Function]}
  >
    1
    . 
    Learn Mongo
  </p>
  <button
    className="btn btn-danger"
    onClick={[Function]}
  >
    Borrar
  </button>
</li>
`;
