// Jest Snapshot v1, https://goo.gl/fbAQLP

exports[`Testing <LoginScreen/> should match snapshot  1`] = `
Array [
  <h1>
    Login Screen
  </h1>,
  <hr />,
  <button
    className="btn btn-primary"
    onClick={[Function]}
  >
    Login
  </button>,
]
`;
